// Jest Snapshot v1, https://goo.gl/fbAQLP

exports[`renders homepage unchanged 1`] = `
<div>
  <main>
    <header
      class="MuiPaper-root MuiPaper-elevation MuiPaper-elevation0 MuiAppBar-root MuiAppBar-colorPrimary MuiAppBar-positionStatic css-120r8wl-MuiPaper-root-MuiAppBar-root"
    >
      <div
        class="MuiContainer-root MuiContainer-maxWidthXl css-19r6kue-MuiContainer-root"
      >
        <div
          class="MuiToolbar-root MuiToolbar-regular css-1cndkqf-MuiToolbar-root"
        >
          <div
            class="MuiBox-root css-1lvtzne"
          >
            <button
              aria-controls="menu-appBar"
              aria-haspopup="true"
              aria-label="account of current user"
              class="MuiButtonBase-root MuiIconButton-root MuiIconButton-colorInherit MuiIconButton-sizeLarge css-1pz7awu-MuiButtonBase-root-MuiIconButton-root"
              tabindex="0"
              type="button"
            >
              <svg
                aria-hidden="true"
                class="MuiSvgIcon-root MuiSvgIcon-fontSizeMedium css-i4bv87-MuiSvgIcon-root"
                data-testid="MenuIcon"
                focusable="false"
                viewBox="0 0 24 24"
              >
                <path
                  d="M3 18h18v-2H3v2zm0-5h18v-2H3v2zm0-7v2h18V6H3z"
                />
              </svg>
              <span
                class="MuiTouchRipple-root css-8je8zh-MuiTouchRipple-root"
              />
            </button>
          </div>
          <div
            class="MuiBox-root css-1nwb09b"
          >
            <button
              class="MuiButton-root MuiButton-text MuiButton-textPrimary MuiButton-sizeMedium MuiButton-textSizeMedium MuiButtonBase-root  css-l217ws-MuiButtonBase-root-MuiButton-root"
              href=""
              tabindex="0"
              type="button"
            >
              Home
              <span
                class="MuiTouchRipple-root css-8je8zh-MuiTouchRipple-root"
              />
            </button>
            <a
              class="MuiButton-root MuiButton-text MuiButton-textPrimary MuiButton-sizeMedium MuiButton-textSizeMedium MuiButtonBase-root  css-l217ws-MuiButtonBase-root-MuiButton-root"
              href="https://br.linkedin.com/in/yasminteles"
              tabindex="0"
            >
              About us
              <span
                class="MuiTouchRipple-root css-8je8zh-MuiTouchRipple-root"
              />
            </a>
            <a
              class="MuiButton-root MuiButton-text MuiButton-textPrimary MuiButton-sizeMedium MuiButton-textSizeMedium MuiButtonBase-root  css-l217ws-MuiButtonBase-root-MuiButton-root"
              href="https://github.com/YasminTeles"
              tabindex="0"
            >
              Portfolio
              <span
                class="MuiTouchRipple-root css-8je8zh-MuiTouchRipple-root"
              />
            </a>
          </div>
        </div>
      </div>
    </header>
    <div
      class="MuiContainer-root MuiContainer-maxWidthLg css-1oqqzyl-MuiContainer-root"
    >
      <div
        class="MuiGrid-root MuiGrid-container MuiGrid-spacing-xs-2 css-ofrcno-MuiGrid-root"
      >
        <div
          class="MuiGrid-root MuiGrid-item MuiGrid-grid-xs-12 MuiGrid-grid-md-4 css-1lj5egr-MuiGrid-root"
        >
          <div
            class="MuiPaper-root MuiPaper-elevation MuiPaper-rounded MuiPaper-elevation1 MuiCard-root css-rhplj-MuiPaper-root-MuiCard-root"
          >
            <div
              class="MuiCardContent-root css-46bh2p-MuiCardContent-root"
            >
              <h2
                class="MuiTypography-root MuiTypography-h2 MuiTypography-alignCenter MuiTypography-gutterBottom css-10759ka-MuiTypography-root"
              >
                Welcome to World Weather!
              </h2>
              <p
                class="MuiTypography-root MuiTypography-h6 MuiTypography-alignCenter MuiTypography-paragraph css-1wu2fk9-MuiTypography-root"
              >
                Get started by finding a city and then check the weather.
              </p>
            </div>
            <div
              class="MuiCardActions-root MuiCardActions-spacing css-10r5to9-MuiCardActions-root"
            >
              <button
                class="MuiButton-root MuiButton-contained MuiButton-containedPrimary MuiButton-sizeMedium MuiButton-containedSizeMedium MuiButtonBase-root  css-sghohy-MuiButtonBase-root-MuiButton-root"
                tabindex="0"
                type="button"
              >
                Check the weather!
                <span
                  class="MuiTouchRipple-root css-8je8zh-MuiTouchRipple-root"
                />
              </button>
            </div>
          </div>
        </div>
      </div>
    </div>
    <div
      class="MuiContainer-root MuiContainer-maxWidthLg css-1oqqzyl-MuiContainer-root"
    >
      <div
        class="MuiGrid-root MuiGrid-container MuiGrid-spacing-xs-4 css-480o17-MuiGrid-root"
      >
        <div
          class="MuiGrid-root MuiGrid-item MuiGrid-grid-xs-12 MuiGrid-grid-md-4 css-1lj5egr-MuiGrid-root"
        >
          <div
            class="MuiPaper-root MuiPaper-elevation MuiPaper-rounded MuiPaper-elevation2 MuiCard-root css-swuook-MuiPaper-root-MuiCard-root"
          >
            <div
              class="MuiCardContent-root css-1qaznj3-MuiCardContent-root"
            >
              <p
                class="MuiTypography-root MuiTypography-body2 MuiTypography-alignJustify MuiTypography-gutterBottom css-177y6oi-MuiTypography-root"
              >
                Rio de Janeiro
              </p>
              <h4
                class="MuiTypography-root MuiTypography-h4 MuiTypography-gutterBottom css-uuxzfg-MuiTypography-root"
              >
                25 
                <span>
                  °
                </span>
                C
              </h4>
              <p
                class="MuiTypography-root MuiTypography-body1 css-18brw8f-MuiTypography-root"
              >
                34
                <span>
                  °
                </span>
                C
                 max
                <br />
                15
                <span>
                  °
                </span>
                C
                 min
              </p>
            </div>
            <div
              class="MuiBox-root css-zz4ct"
            >
              <img
                alt="Live from space album cover"
                class="MuiCardMedia-root MuiCardMedia-media MuiCardMedia-img css-1dxioin-MuiCardMedia-root"
                src="/images/cloudy.png"
              />
            </div>
          </div>
        </div>
        <div
          class="MuiGrid-root MuiGrid-item MuiGrid-grid-xs-12 MuiGrid-grid-md-4 css-1lj5egr-MuiGrid-root"
        >
          <div
            class="MuiPaper-root MuiPaper-elevation MuiPaper-rounded MuiPaper-elevation2 MuiCard-root css-swuook-MuiPaper-root-MuiCard-root"
          >
            <div
              class="MuiCardContent-root css-1qaznj3-MuiCardContent-root"
            >
              <p
                class="MuiTypography-root MuiTypography-body2 MuiTypography-alignJustify MuiTypography-gutterBottom css-177y6oi-MuiTypography-root"
              >
                Rio de Janeiro
              </p>
              <h4
                class="MuiTypography-root MuiTypography-h4 MuiTypography-gutterBottom css-uuxzfg-MuiTypography-root"
              >
                25 
                <span>
                  °
                </span>
                C
              </h4>
              <p
                class="MuiTypography-root MuiTypography-body1 css-18brw8f-MuiTypography-root"
              >
                34
                <span>
                  °
                </span>
                C
                 max
                <br />
                15
                <span>
                  °
                </span>
                C
                 min
              </p>
            </div>
            <div
              class="MuiBox-root css-zz4ct"
            >
              <img
                alt="Live from space album cover"
                class="MuiCardMedia-root MuiCardMedia-media MuiCardMedia-img css-1dxioin-MuiCardMedia-root"
                src="/images/cloudy.png"
              />
            </div>
          </div>
        </div>
        <div
          class="MuiGrid-root MuiGrid-item MuiGrid-grid-xs-12 MuiGrid-grid-md-4 css-1lj5egr-MuiGrid-root"
        >
          <div
            class="MuiPaper-root MuiPaper-elevation MuiPaper-rounded MuiPaper-elevation2 MuiCard-root css-swuook-MuiPaper-root-MuiCard-root"
          >
            <div
              class="MuiCardContent-root css-1qaznj3-MuiCardContent-root"
            >
              <p
                class="MuiTypography-root MuiTypography-body2 MuiTypography-alignJustify MuiTypography-gutterBottom css-177y6oi-MuiTypography-root"
              >
                Rio de Janeiro
              </p>
              <h4
                class="MuiTypography-root MuiTypography-h4 MuiTypography-gutterBottom css-uuxzfg-MuiTypography-root"
              >
                25 
                <span>
                  °
                </span>
                C
              </h4>
              <p
                class="MuiTypography-root MuiTypography-body1 css-18brw8f-MuiTypography-root"
              >
                34
                <span>
                  °
                </span>
                C
                 max
                <br />
                15
                <span>
                  °
                </span>
                C
                 min
              </p>
            </div>
            <div
              class="MuiBox-root css-zz4ct"
            >
              <img
                alt="Live from space album cover"
                class="MuiCardMedia-root MuiCardMedia-media MuiCardMedia-img css-1dxioin-MuiCardMedia-root"
                src="/images/cloudy.png"
              />
            </div>
          </div>
        </div>
        <div
          class="MuiGrid-root MuiGrid-item MuiGrid-grid-xs-12 MuiGrid-grid-md-4 css-1lj5egr-MuiGrid-root"
        >
          <div
            class="MuiPaper-root MuiPaper-elevation MuiPaper-rounded MuiPaper-elevation2 MuiCard-root css-swuook-MuiPaper-root-MuiCard-root"
          >
            <div
              class="MuiCardContent-root css-1qaznj3-MuiCardContent-root"
            >
              <p
                class="MuiTypography-root MuiTypography-body2 MuiTypography-alignJustify MuiTypography-gutterBottom css-177y6oi-MuiTypography-root"
              >
                Rio de Janeiro
              </p>
              <h4
                class="MuiTypography-root MuiTypography-h4 MuiTypography-gutterBottom css-uuxzfg-MuiTypography-root"
              >
                25 
                <span>
                  °
                </span>
                C
              </h4>
              <p
                class="MuiTypography-root MuiTypography-body1 css-18brw8f-MuiTypography-root"
              >
                34
                <span>
                  °
                </span>
                C
                 max
                <br />
                15
                <span>
                  °
                </span>
                C
                 min
              </p>
            </div>
            <div
              class="MuiBox-root css-zz4ct"
            >
              <img
                alt="Live from space album cover"
                class="MuiCardMedia-root MuiCardMedia-media MuiCardMedia-img css-1dxioin-MuiCardMedia-root"
                src="/images/cloudy.png"
              />
            </div>
          </div>
        </div>
        <div
          class="MuiGrid-root MuiGrid-item MuiGrid-grid-xs-12 MuiGrid-grid-md-4 css-1lj5egr-MuiGrid-root"
        >
          <div
            class="MuiPaper-root MuiPaper-elevation MuiPaper-rounded MuiPaper-elevation2 MuiCard-root css-swuook-MuiPaper-root-MuiCard-root"
          >
            <div
              class="MuiCardContent-root css-1qaznj3-MuiCardContent-root"
            >
              <p
                class="MuiTypography-root MuiTypography-body2 MuiTypography-alignJustify MuiTypography-gutterBottom css-177y6oi-MuiTypography-root"
              >
                Rio de Janeiro
              </p>
              <h4
                class="MuiTypography-root MuiTypography-h4 MuiTypography-gutterBottom css-uuxzfg-MuiTypography-root"
              >
                25 
                <span>
                  °
                </span>
                C
              </h4>
              <p
                class="MuiTypography-root MuiTypography-body1 css-18brw8f-MuiTypography-root"
              >
                34
                <span>
                  °
                </span>
                C
                 max
                <br />
                15
                <span>
                  °
                </span>
                C
                 min
              </p>
            </div>
            <div
              class="MuiBox-root css-zz4ct"
            >
              <img
                alt="Live from space album cover"
                class="MuiCardMedia-root MuiCardMedia-media MuiCardMedia-img css-1dxioin-MuiCardMedia-root"
                src="/images/cloudy.png"
              />
            </div>
          </div>
        </div>
        <div
          class="MuiGrid-root MuiGrid-item MuiGrid-grid-xs-12 MuiGrid-grid-md-4 css-1lj5egr-MuiGrid-root"
        >
          <div
            class="MuiPaper-root MuiPaper-elevation MuiPaper-rounded MuiPaper-elevation2 MuiCard-root css-swuook-MuiPaper-root-MuiCard-root"
          >
            <div
              class="MuiCardContent-root css-1qaznj3-MuiCardContent-root"
            >
              <p
                class="MuiTypography-root MuiTypography-body2 MuiTypography-alignJustify MuiTypography-gutterBottom css-177y6oi-MuiTypography-root"
              >
                Rio de Janeiro
              </p>
              <h4
                class="MuiTypography-root MuiTypography-h4 MuiTypography-gutterBottom css-uuxzfg-MuiTypography-root"
              >
                25 
                <span>
                  °
                </span>
                C
              </h4>
              <p
                class="MuiTypography-root MuiTypography-body1 css-18brw8f-MuiTypography-root"
              >
                34
                <span>
                  °
                </span>
                C
                 max
                <br />
                15
                <span>
                  °
                </span>
                C
                 min
              </p>
            </div>
            <div
              class="MuiBox-root css-zz4ct"
            >
              <img
                alt="Live from space album cover"
                class="MuiCardMedia-root MuiCardMedia-media MuiCardMedia-img css-1dxioin-MuiCardMedia-root"
                src="/images/cloudy.png"
              />
            </div>
          </div>
        </div>
        <div
          class="MuiGrid-root MuiGrid-item MuiGrid-grid-xs-12 MuiGrid-grid-md-4 css-1lj5egr-MuiGrid-root"
        >
          <div
            class="MuiPaper-root MuiPaper-elevation MuiPaper-rounded MuiPaper-elevation2 MuiCard-root css-swuook-MuiPaper-root-MuiCard-root"
          >
            <div
              class="MuiCardContent-root css-1qaznj3-MuiCardContent-root"
            >
              <p
                class="MuiTypography-root MuiTypography-body2 MuiTypography-alignJustify MuiTypography-gutterBottom css-177y6oi-MuiTypography-root"
              >
                Rio de Janeiro
              </p>
              <h4
                class="MuiTypography-root MuiTypography-h4 MuiTypography-gutterBottom css-uuxzfg-MuiTypography-root"
              >
                25 
                <span>
                  °
                </span>
                C
              </h4>
              <p
                class="MuiTypography-root MuiTypography-body1 css-18brw8f-MuiTypography-root"
              >
                34
                <span>
                  °
                </span>
                C
                 max
                <br />
                15
                <span>
                  °
                </span>
                C
                 min
              </p>
            </div>
            <div
              class="MuiBox-root css-zz4ct"
            >
              <img
                alt="Live from space album cover"
                class="MuiCardMedia-root MuiCardMedia-media MuiCardMedia-img css-1dxioin-MuiCardMedia-root"
                src="/images/cloudy.png"
              />
            </div>
          </div>
        </div>
        <div
          class="MuiGrid-root MuiGrid-item MuiGrid-grid-xs-12 MuiGrid-grid-md-4 css-1lj5egr-MuiGrid-root"
        >
          <div
            class="MuiPaper-root MuiPaper-elevation MuiPaper-rounded MuiPaper-elevation2 MuiCard-root css-swuook-MuiPaper-root-MuiCard-root"
          >
            <div
              class="MuiCardContent-root css-1qaznj3-MuiCardContent-root"
            >
              <p
                class="MuiTypography-root MuiTypography-body2 MuiTypography-alignJustify MuiTypography-gutterBottom css-177y6oi-MuiTypography-root"
              >
                Rio de Janeiro
              </p>
              <h4
                class="MuiTypography-root MuiTypography-h4 MuiTypography-gutterBottom css-uuxzfg-MuiTypography-root"
              >
                25 
                <span>
                  °
                </span>
                C
              </h4>
              <p
                class="MuiTypography-root MuiTypography-body1 css-18brw8f-MuiTypography-root"
              >
                34
                <span>
                  °
                </span>
                C
                 max
                <br />
                15
                <span>
                  °
                </span>
                C
                 min
              </p>
            </div>
            <div
              class="MuiBox-root css-zz4ct"
            >
              <img
                alt="Live from space album cover"
                class="MuiCardMedia-root MuiCardMedia-media MuiCardMedia-img css-1dxioin-MuiCardMedia-root"
                src="/images/cloudy.png"
              />
            </div>
          </div>
        </div>
        <div
          class="MuiGrid-root MuiGrid-item MuiGrid-grid-xs-12 MuiGrid-grid-md-4 css-1lj5egr-MuiGrid-root"
        >
          <div
            class="MuiPaper-root MuiPaper-elevation MuiPaper-rounded MuiPaper-elevation2 MuiCard-root css-swuook-MuiPaper-root-MuiCard-root"
          >
            <div
              class="MuiCardContent-root css-1qaznj3-MuiCardContent-root"
            >
              <p
                class="MuiTypography-root MuiTypography-body2 MuiTypography-alignJustify MuiTypography-gutterBottom css-177y6oi-MuiTypography-root"
              >
                Rio de Janeiro
              </p>
              <h4
                class="MuiTypography-root MuiTypography-h4 MuiTypography-gutterBottom css-uuxzfg-MuiTypography-root"
              >
                25 
                <span>
                  °
                </span>
                C
              </h4>
              <p
                class="MuiTypography-root MuiTypography-body1 css-18brw8f-MuiTypography-root"
              >
                34
                <span>
                  °
                </span>
                C
                 max
                <br />
                15
                <span>
                  °
                </span>
                C
                 min
              </p>
            </div>
            <div
              class="MuiBox-root css-zz4ct"
            >
              <img
                alt="Live from space album cover"
                class="MuiCardMedia-root MuiCardMedia-media MuiCardMedia-img css-1dxioin-MuiCardMedia-root"
                src="/images/cloudy.png"
              />
            </div>
          </div>
        </div>
      </div>
    </div>
  </main>
  <footer>
    <h6
      class="MuiTypography-root MuiTypography-h6 MuiTypography-alignCenter MuiTypography-gutterBottom css-tcrtuv-MuiTypography-root"
    >
      This side project is made with 
      <svg
        aria-hidden="true"
        class="MuiSvgIcon-root MuiSvgIcon-fontSizeSmall css-fr0ls5-MuiSvgIcon-root"
        data-testid="FavoriteIcon"
        focusable="false"
        viewBox="0 0 24 24"
      >
        <path
          d="m12 21.35-1.45-1.32C5.4 15.36 2 12.28 2 8.5 2 5.42 4.42 3 7.5 3c1.74 0 3.41.81 4.5 2.09C13.09 3.81 14.76 3 16.5 3 19.58 3 22 5.42 22 8.5c0 3.78-3.4 6.86-8.55 11.54L12 21.35z"
        />
      </svg>
       by 
      <a
        href="https://github.com/YasminTeles"
      >
        Yasmin Teles
      </a>
    </h6>
  </footer>
</div>
`;
